
1) metamask not loading
                                - password?

    resolved -  connected metamask still showing and got id still showing console error-
    "error,when getting shipment"

2) DOM- context(syntax error) for classes naming in footer
    svg,div .......


3) -------------------- important-------------

check if else for every input/field/variable for debugging